
> server@1.0.0 test
> jest --runInBand --detectOpenHandles server/test/labReport.integration.test.js

  console.log
    [dotenv@17.2.3] injecting env (12) from .env -- tip: ≡ƒöÉ prevent building .env in docker: https://dotenvx.com/prebuild

      at _log (node_modules/dotenv/lib/main.js:142:11)

  console.log
    [dotenv@17.2.3] injecting env (0) from .env -- tip: ΓÜÖ∩╕Å  write to custom object with { processEnv: myObject }

      at _log (node_modules/dotenv/lib/main.js:142:11)

  console.log
    [dotenv@17.2.3] injecting env (0) from .env -- tip: ≡ƒöä add secrets lifecycle management: https://dotenvx.com/ops

      at _log (node_modules/dotenv/lib/main.js:142:11)

  console.log
    Connected to MongoDB

      at log (server.js:20:23)

node.exe : FAIL tes
t/labReport.integra
tion.test.js
At line:1 char:1
+ & "C:\Program Fil
es\nodejs/node.exe"
 "C:\Program Files\
nodejs/node_mo ...
+ ~~~~~~~~~~~~~~~~~
~~~~~~~~~~~~~~~~~~~
~~~~~~~~~~~~~~~~~~~
~~~~~~~~~~~~~~
    + CategoryInfo 
             : No  
  tSpecified: (F   
 AIL test/labRe    
port.integrati    
on.test.js:Str    
ing) [], Remot    
eException
    + FullyQualifi 
   edErrorId : Na  
  tiveCommandErr   
 or
 
  Lab Report 
Analysis API
    ├ù should 
analyze a lab 
report and save it 
(190 ms)
    ├ù should 
return 400 if no 
image provided 
(134 ms)

  ΓùÅ Lab Report 
Analysis API ΓÇ║ 
should analyze a 
lab report and 
save it

    expect(received
).toBe(expected) 
// Object.is 
equality

    Expected: 200
    Received: 401

    [0m [90m 112 
|[39m             
[33m.[39msend({ 
image[33m:[39m 
dummyImage 
})[33m;[39m
     [90m 113 
|[39m
    [31m[1m>[22m
[39m[90m 114 
|[39m         expe
ct(res[33m.[39mst
atus)[33m.[39mtoB
e([35m200[39m)[3
3m;[39m
     [90m     
|[39m             
               [31
m[1m^[22m[39m
     [90m 115 
|[39m         expe
ct(res[33m.[39mbo
dy[33m.[39mmessag
e)[33m.[39mtoBe(
[32m"Lab report 
analyzed successful
ly"[39m)[33m;[39
m
     [90m 116 
|[39m         expe
ct(res[33m.[39mbo
dy[33m.[39mdata)
[33m.[39mtoHavePro
perty([32m'parsedR
esults'[39m)[33m;
[39m
     [90m 117 
|[39m         expe
ct(res[33m.[39mbo
dy[33m.[39mdata[
33m.[39mparsedResu
lts[33m.[39mlabRe
port[33m.[39mlabN
ame)[33m.[39mtoBe
([32m"Test Lab"[3
9m)[33m;[39m[0m

      at 
Object.toBe (test/l
abReport.integratio
n.test.js:114:28)

  ΓùÅ Lab Report 
Analysis API ΓÇ║ 
should return 400 
if no image 
provided

    expect(received
).toBe(expected) 
// Object.is 
equality

    Expected: 400
    Received: 401

    [0m [90m 129 
|[39m             
[33m.[39msend({})
[33m;[39m
     [90m 130 
|[39m
    [31m[1m>[22m
[39m[90m 131 
|[39m         expe
ct(res[33m.[39mst
atus)[33m.[39mtoB
e([35m400[39m)[3
3m;[39m
     [90m     
|[39m             
               [31
m[1m^[22m[39m
     [90m 132 
|[39m     
})[33m;[39m
     [90m 133 
|[39m 
})[33m;[39m
     [90m 134 
|[39m[0m

      at 
Object.toBe (test/l
abReport.integratio
n.test.js:131:28)

Test Suites: 1 
failed, 1 total
Tests:       2 
failed, 2 total
Snapshots:   0 
total
Time:        3.311 
s, estimated 5 s
Ran all test 
suites matching /se
rver\\test\\labRepo
rt.integration.test
.js/i.
